// Jest Snapshot v1, https://goo.gl/fbAQLP

exports[`Prueba de GifItem Debe de hacer match con el snapshot 1`] = `
<div>
  <div
    class="card"
  >
    <img
      alt="Titulo de prueba"
      src="http://urldeprueba.com/"
    />
    <p>
      Titulo de prueba
    </p>
  </div>
</div>
`;
